'this is a test '
i think so
add a new line
111
